B-place I-place O O O O O O
O O B-place I-place I-place I-place I-place O O O O
O B-origin I-origin O B-destination I-destination I-destination I-destination O O O O O O O
O O O O O
O O B-destination I-destination I-destination I-destination I-destination I-destination I-destination O O O O O
O O O O O O O O O O B-restaurant B-partySize O O O O O O
B-restaurant I-restaurant O O O O O O O O O O
O O O B-location I-location I-location I-location I-location O O O O
O O B-restaurant I-restaurant B-partySize O O O O O O
B-contact I-contact I-contact O O O O O O O O
B-restaurant I-restaurant O O B-partySize O O O O O O O O
B-address I-address I-address I-address I-address I-address I-address I-address O O B-category I-category O
B-place I-place O O O O O
O B-partySize O O O O O O O O O B-restaurant I-restaurant I-restaurant I-restaurant O O O O O
B-location O O O
O O B-location I-location I-location I-location O O O O
O O O O O O O B-contact O O
O O O O O O B-restaurant I-restaurant I-restaurant I-restaurant B-partySize O O O O O O O
O O O O O O O O
O O O B-rideOptionName O
O O O O O O
O B-place I-place I-place O O O O O O O
O O B-specificItemSold I-specificItemSold B-category I-category O
O B-place I-place I-place I-place I-place O O
B-place I-place I-place I-place I-place I-place I-place O O O O O
O B-contact I-contact O O O O O
O O O O O O O
O O O O O O O O
O O B-contact I-contact O O
O B-place I-place I-place I-place I-place O O O O O O
O O B-destination I-destination I-destination I-destination I-destination O O O O O O O O
O O O O O O O O O O O O
B-contact I-contact I-contact I-contact O O O O O O O
