B-place I-place O O O O O O O O O O O O O O O
O O O O B-place I-place O O O O O
O B-origin I-origin I-origin O O B-destination I-destination I-destination I-destination O O O
O O O O O O O O
O O O B-destination I-destination O O O O O O O O O O O O O
O O O O O O O O O O O O O O O O B-restaurant O B-partySize O O O O O O O O O O
O O O O O O O O B-restaurant I-restaurant O O O O O O O O O
O O O O B-location I-location I-location I-location I-location O O O O O O O
O O O B-partySize O O O B-restaurant I-restaurant I-restaurant O O O O O O
B-contact I-contact O O O O O O O O O O
O O B-partySize O O B-restaurant I-restaurant I-restaurant I-restaurant O O O O O O O O O
B-address I-address O O O O O O O B-category I-category O O O O
B-place I-place O O O O O
O B-partySize O O O O O B-restaurant I-restaurant I-restaurant O O O O O O O O O O O O O
B-location O O O O O
O O B-location I-location I-location I-location I-location O O O O O O O O O O O
O O O O O O O O O O B-contact O O O O O O O
O O O O O O O O O O O B-partySize O O O O O O O O
O B-location I-location I-location O O O O O O O O O O O O O
O O O O O B-rideOptionName O O
O O O O O O O O O O O
O B-place I-place I-place I-place O O O O O O O O
O O O O O O O B-specificItemSold I-specificItemSold I-specificItemSold B-category O
O B-place I-place I-place O O O O O
B-place I-place I-place O O O O O O
B-contact I-contact O O O O O O O O
B-location I-location I-location I-location I-location I-location I-location O O O O
O B-place I-place I-place O O O
O O B-contact I-contact I-contact O O O O
O B-place I-place I-place I-place I-place O O O O O O O
O O O O O O O B-destination I-destination O O O O O
O O O O O O O O O O O O O O O O O O O O O O O
B-contact I-contact I-contact O O O O O O O O O
